// Jest Snapshot v1, https://goo.gl/fbAQLP

exports[`App component renders App 1`] = `
<div>
  <Header />
  <div
    className="container"
  >
    <Balance />
    <IncomeExpenses />
  </div>
</div>
`;
